nohup: ignoring input
========================================================================
 SWEEP: 3 ensemble sizes × 5 radii × 3 spacings = 45 cells, 10 scenarios each
 output: sweep_lorenz96_obswoodbury_NrS_20260526_025703
========================================================================
  [1/45] cell N20_r1_s1 (N=20, radius=1, spacing=1, 10 scenarios) ...
       done — best: EnKF-OBS-Woodbury (mean_rmse_a=0.0014)
  [2/45] cell N20_r2_s1 (N=20, radius=2, spacing=1, 10 scenarios) ...
       done — best: LEnKF (mean_rmse_a=0.0012)
  [3/45] cell N20_r3_s1 (N=20, radius=3, spacing=1, 10 scenarios) ...
       done — best: LEnKF (mean_rmse_a=0.0012)
  [4/45] cell N20_r4_s1 (N=20, radius=4, spacing=1, 10 scenarios) ...
       done — best: LEnKF (mean_rmse_a=0.0011)
  [5/45] cell N20_r5_s1 (N=20, radius=5, spacing=1, 10 scenarios) ...
       done — best: LEnKF (mean_rmse_a=0.0011)
  [6/45] cell N20_r1_s2 (N=20, radius=1, spacing=2, 10 scenarios) ...
       done — best: EnKF-OBS-Woodbury (mean_rmse_a=0.0141)
  [7/45] cell N20_r2_s2 (N=20, radius=2, spacing=2, 10 scenarios) ...
       done — best: LEnKF (mean_rmse_a=0.0163)
  [8/45] cell N20_r3_s2 (N=20, radius=3, spacing=2, 10 scenarios) ...
       done — best: EnKF-OBS-Woodbury (mean_rmse_a=0.0755)
  [9/45] cell N20_r4_s2 (N=20, radius=4, spacing=2, 10 scenarios) ...
  [Benchmark] method 'LETKF' FAILED (LinAlgError: SVD did not converge); recording NaN and continuing.
  [Benchmark] method 'EnKF-OBS-Woodbury' FAILED (ValueError: Input X contains NaN.
Ridge does not accept missing values encoded as NaN natively. For supervised learning, you might want to consider sklearn.ensemble.HistGradientBoostingClassifier and Regressor which accept missing values encoded as NaNs natively. Alternatively, it is possible to preprocess the data, for instance by using an imputer transformer in a pipeline or drop samples with missing values. See https://scikit-learn.org/stable/modules/impute.html You can find a list of all estimators that handle NaN values at the following page: https://scikit-learn.org/stable/modules/impute.html#estimators-that-handle-nan-values); recording NaN and continuing.
  [Benchmark] method 'EnKF-OBS-Woodbury' FAILED (ValueError: Input X contains NaN.
Ridge does not accept missing values encoded as NaN natively. For supervised learning, you might want to consider sklearn.ensemble.HistGradientBoostingClassifier and Regressor which accept missing values encoded as NaNs natively. Alternatively, it is possible to preprocess the data, for instance by using an imputer transformer in a pipeline or drop samples with missing values. See https://scikit-learn.org/stable/modules/impute.html You can find a list of all estimators that handle NaN values at the following page: https://scikit-learn.org/stable/modules/impute.html#estimators-that-handle-nan-values); recording NaN and continuing.
       done — best: LEnKF (mean_rmse_a=0.0960)
  [10/45] cell N20_r5_s2 (N=20, radius=5, spacing=2, 10 scenarios) ...
  [Benchmark] method 'EnKF-OBS-Woodbury' FAILED (ValueError: Input X contains NaN.
Ridge does not accept missing values encoded as NaN natively. For supervised learning, you might want to consider sklearn.ensemble.HistGradientBoostingClassifier and Regressor which accept missing values encoded as NaNs natively. Alternatively, it is possible to preprocess the data, for instance by using an imputer transformer in a pipeline or drop samples with missing values. See https://scikit-learn.org/stable/modules/impute.html You can find a list of all estimators that handle NaN values at the following page: https://scikit-learn.org/stable/modules/impute.html#estimators-that-handle-nan-values); recording NaN and continuing.
  [Benchmark] method 'LETKF' FAILED (LinAlgError: SVD did not converge); recording NaN and continuing.
  [Benchmark] method 'EnKF-OBS-Woodbury' FAILED (ValueError: Input X contains NaN.
Ridge does not accept missing values encoded as NaN natively. For supervised learning, you might want to consider sklearn.ensemble.HistGradientBoostingClassifier and Regressor which accept missing values encoded as NaNs natively. Alternatively, it is possible to preprocess the data, for instance by using an imputer transformer in a pipeline or drop samples with missing values. See https://scikit-learn.org/stable/modules/impute.html You can find a list of all estimators that handle NaN values at the following page: https://scikit-learn.org/stable/modules/impute.html#estimators-that-handle-nan-values); recording NaN and continuing.
  [Benchmark] method 'LETKF' FAILED (LinAlgError: SVD did not converge); recording NaN and continuing.
  [Benchmark] method 'EnKF-OBS-Woodbury' FAILED (ValueError: Input X contains NaN.
Ridge does not accept missing values encoded as NaN natively. For supervised learning, you might want to consider sklearn.ensemble.HistGradientBoostingClassifier and Regressor which accept missing values encoded as NaNs natively. Alternatively, it is possible to preprocess the data, for instance by using an imputer transformer in a pipeline or drop samples with missing values. See https://scikit-learn.org/stable/modules/impute.html You can find a list of all estimators that handle NaN values at the following page: https://scikit-learn.org/stable/modules/impute.html#estimators-that-handle-nan-values); recording NaN and continuing.
  [Benchmark] method 'LETKF' FAILED (LinAlgError: SVD did not converge); recording NaN and continuing.
  [Benchmark] method 'EnKF-OBS-Woodbury' FAILED (ValueError: Input X contains NaN.
Ridge does not accept missing values encoded as NaN natively. For supervised learning, you might want to consider sklearn.ensemble.HistGradientBoostingClassifier and Regressor which accept missing values encoded as NaNs natively. Alternatively, it is possible to preprocess the data, for instance by using an imputer transformer in a pipeline or drop samples with missing values. See https://scikit-learn.org/stable/modules/impute.html You can find a list of all estimators that handle NaN values at the following page: https://scikit-learn.org/stable/modules/impute.html#estimators-that-handle-nan-values); recording NaN and continuing.
  [Benchmark] method 'LEnKF' FAILED (LinAlgError: Singular matrix); recording NaN and continuing.
  [Benchmark] method 'LETKF' FAILED (LinAlgError: SVD did not converge); recording NaN and continuing.
  [Benchmark] method 'EnKF-OBS-Woodbury' FAILED (ValueError: Input X contains NaN.
Ridge does not accept missing values encoded as NaN natively. For supervised learning, you might want to consider sklearn.ensemble.HistGradientBoostingClassifier and Regressor which accept missing values encoded as NaNs natively. Alternatively, it is possible to preprocess the data, for instance by using an imputer transformer in a pipeline or drop samples with missing values. See https://scikit-learn.org/stable/modules/impute.html You can find a list of all estimators that handle NaN values at the following page: https://scikit-learn.org/stable/modules/impute.html#estimators-that-handle-nan-values); recording NaN and continuing.
  [Benchmark] method 'LETKF' FAILED (LinAlgError: SVD did not converge); recording NaN and continuing.
  [Benchmark] method 'LETKF' FAILED (LinAlgError: SVD did not converge); recording NaN and continuing.
       done — best: LETKF (mean_rmse_a=0.2391)
  [11/45] cell N20_r1_s3 (N=20, radius=1, spacing=3, 10 scenarios) ...
       done — best: EnKF-OBS-Woodbury (mean_rmse_a=0.0725)
  [12/45] cell N20_r2_s3 (N=20, radius=2, spacing=3, 10 scenarios) ...
       done — best: EnKF-OBS-Woodbury (mean_rmse_a=0.0628)
  [13/45] cell N20_r3_s3 (N=20, radius=3, spacing=3, 10 scenarios) ...
  [Benchmark] method 'EnKF-OBS-Woodbury' FAILED (ValueError: Input X contains NaN.
Ridge does not accept missing values encoded as NaN natively. For supervised learning, you might want to consider sklearn.ensemble.HistGradientBoostingClassifier and Regressor which accept missing values encoded as NaNs natively. Alternatively, it is possible to preprocess the data, for instance by using an imputer transformer in a pipeline or drop samples with missing values. See https://scikit-learn.org/stable/modules/impute.html You can find a list of all estimators that handle NaN values at the following page: https://scikit-learn.org/stable/modules/impute.html#estimators-that-handle-nan-values); recording NaN and continuing.
  [Benchmark] method 'EnKF-OBS-Woodbury' FAILED (ValueError: Input X contains NaN.
Ridge does not accept missing values encoded as NaN natively. For supervised learning, you might want to consider sklearn.ensemble.HistGradientBoostingClassifier and Regressor which accept missing values encoded as NaNs natively. Alternatively, it is possible to preprocess the data, for instance by using an imputer transformer in a pipeline or drop samples with missing values. See https://scikit-learn.org/stable/modules/impute.html You can find a list of all estimators that handle NaN values at the following page: https://scikit-learn.org/stable/modules/impute.html#estimators-that-handle-nan-values); recording NaN and continuing.
  [Benchmark] method 'EnKF-OBS-Woodbury' FAILED (ValueError: Input X contains NaN.
Ridge does not accept missing values encoded as NaN natively. For supervised learning, you might want to consider sklearn.ensemble.HistGradientBoostingClassifier and Regressor which accept missing values encoded as NaNs natively. Alternatively, it is possible to preprocess the data, for instance by using an imputer transformer in a pipeline or drop samples with missing values. See https://scikit-learn.org/stable/modules/impute.html You can find a list of all estimators that handle NaN values at the following page: https://scikit-learn.org/stable/modules/impute.html#estimators-that-handle-nan-values); recording NaN and continuing.
       done — best: LETKF (mean_rmse_a=0.0743)
  [14/45] cell N20_r4_s3 (N=20, radius=4, spacing=3, 10 scenarios) ...
  [Benchmark] method 'EnKF-OBS-Woodbury' FAILED (ValueError: Input X contains NaN.
Ridge does not accept missing values encoded as NaN natively. For supervised learning, you might want to consider sklearn.ensemble.HistGradientBoostingClassifier and Regressor which accept missing values encoded as NaNs natively. Alternatively, it is possible to preprocess the data, for instance by using an imputer transformer in a pipeline or drop samples with missing values. See https://scikit-learn.org/stable/modules/impute.html You can find a list of all estimators that handle NaN values at the following page: https://scikit-learn.org/stable/modules/impute.html#estimators-that-handle-nan-values); recording NaN and continuing.
  [Benchmark] method 'EnKF-OBS-Woodbury' FAILED (ValueError: Input X contains NaN.
Ridge does not accept missing values encoded as NaN natively. For supervised learning, you might want to consider sklearn.ensemble.HistGradientBoostingClassifier and Regressor which accept missing values encoded as NaNs natively. Alternatively, it is possible to preprocess the data, for instance by using an imputer transformer in a pipeline or drop samples with missing values. See https://scikit-learn.org/stable/modules/impute.html You can find a list of all estimators that handle NaN values at the following page: https://scikit-learn.org/stable/modules/impute.html#estimators-that-handle-nan-values); recording NaN and continuing.
  [Benchmark] method 'EnKF-OBS-Woodbury' FAILED (ValueError: Input X contains NaN.
Ridge does not accept missing values encoded as NaN natively. For supervised learning, you might want to consider sklearn.ensemble.HistGradientBoostingClassifier and Regressor which accept missing values encoded as NaNs natively. Alternatively, it is possible to preprocess the data, for instance by using an imputer transformer in a pipeline or drop samples with missing values. See https://scikit-learn.org/stable/modules/impute.html You can find a list of all estimators that handle NaN values at the following page: https://scikit-learn.org/stable/modules/impute.html#estimators-that-handle-nan-values); recording NaN and continuing.
  [Benchmark] method 'EnKF-OBS-Woodbury' FAILED (ValueError: Input X contains NaN.
Ridge does not accept missing values encoded as NaN natively. For supervised learning, you might want to consider sklearn.ensemble.HistGradientBoostingClassifier and Regressor which accept missing values encoded as NaNs natively. Alternatively, it is possible to preprocess the data, for instance by using an imputer transformer in a pipeline or drop samples with missing values. See https://scikit-learn.org/stable/modules/impute.html You can find a list of all estimators that handle NaN values at the following page: https://scikit-learn.org/stable/modules/impute.html#estimators-that-handle-nan-values); recording NaN and continuing.
  [Benchmark] method 'EnKF-OBS-Woodbury' FAILED (ValueError: Input X contains NaN.
Ridge does not accept missing values encoded as NaN natively. For supervised learning, you might want to consider sklearn.ensemble.HistGradientBoostingClassifier and Regressor which accept missing values encoded as NaNs natively. Alternatively, it is possible to preprocess the data, for instance by using an imputer transformer in a pipeline or drop samples with missing values. See https://scikit-learn.org/stable/modules/impute.html You can find a list of all estimators that handle NaN values at the following page: https://scikit-learn.org/stable/modules/impute.html#estimators-that-handle-nan-values); recording NaN and continuing.
  [Benchmark] method 'EnKF-OBS-Woodbury' FAILED (ValueError: Input X contains NaN.
Ridge does not accept missing values encoded as NaN natively. For supervised learning, you might want to consider sklearn.ensemble.HistGradientBoostingClassifier and Regressor which accept missing values encoded as NaNs natively. Alternatively, it is possible to preprocess the data, for instance by using an imputer transformer in a pipeline or drop samples with missing values. See https://scikit-learn.org/stable/modules/impute.html You can find a list of all estimators that handle NaN values at the following page: https://scikit-learn.org/stable/modules/impute.html#estimators-that-handle-nan-values); recording NaN and continuing.
  [Benchmark] method 'EnKF-OBS-Woodbury' FAILED (ValueError: Input X contains NaN.
Ridge does not accept missing values encoded as NaN natively. For supervised learning, you might want to consider sklearn.ensemble.HistGradientBoostingClassifier and Regressor which accept missing values encoded as NaNs natively. Alternatively, it is possible to preprocess the data, for instance by using an imputer transformer in a pipeline or drop samples with missing values. See https://scikit-learn.org/stable/modules/impute.html You can find a list of all estimators that handle NaN values at the following page: https://scikit-learn.org/stable/modules/impute.html#estimators-that-handle-nan-values); recording NaN and continuing.
       done — best: LEnKF (mean_rmse_a=0.0583)
  [15/45] cell N20_r5_s3 (N=20, radius=5, spacing=3, 10 scenarios) ...
  [Benchmark] method 'EnKF-OBS-Woodbury' FAILED (ValueError: Input X contains NaN.
Ridge does not accept missing values encoded as NaN natively. For supervised learning, you might want to consider sklearn.ensemble.HistGradientBoostingClassifier and Regressor which accept missing values encoded as NaNs natively. Alternatively, it is possible to preprocess the data, for instance by using an imputer transformer in a pipeline or drop samples with missing values. See https://scikit-learn.org/stable/modules/impute.html You can find a list of all estimators that handle NaN values at the following page: https://scikit-learn.org/stable/modules/impute.html#estimators-that-handle-nan-values); recording NaN and continuing.
  [Benchmark] method 'LETKF' FAILED (LinAlgError: SVD did not converge); recording NaN and continuing.
  [Benchmark] method 'LETKF' FAILED (LinAlgError: SVD did not converge); recording NaN and continuing.
  [Benchmark] method 'EnKF-OBS-Woodbury' FAILED (ValueError: Input X contains NaN.
Ridge does not accept missing values encoded as NaN natively. For supervised learning, you might want to consider sklearn.ensemble.HistGradientBoostingClassifier and Regressor which accept missing values encoded as NaNs natively. Alternatively, it is possible to preprocess the data, for instance by using an imputer transformer in a pipeline or drop samples with missing values. See https://scikit-learn.org/stable/modules/impute.html You can find a list of all estimators that handle NaN values at the following page: https://scikit-learn.org/stable/modules/impute.html#estimators-that-handle-nan-values); recording NaN and continuing.
  [Benchmark] method 'LETKF' FAILED (LinAlgError: SVD did not converge); recording NaN and continuing.
  [Benchmark] method 'EnKF-OBS-Woodbury' FAILED (ValueError: Input X contains NaN.
Ridge does not accept missing values encoded as NaN natively. For supervised learning, you might want to consider sklearn.ensemble.HistGradientBoostingClassifier and Regressor which accept missing values encoded as NaNs natively. Alternatively, it is possible to preprocess the data, for instance by using an imputer transformer in a pipeline or drop samples with missing values. See https://scikit-learn.org/stable/modules/impute.html You can find a list of all estimators that handle NaN values at the following page: https://scikit-learn.org/stable/modules/impute.html#estimators-that-handle-nan-values); recording NaN and continuing.
  [Benchmark] method 'LETKF' FAILED (LinAlgError: SVD did not converge); recording NaN and continuing.
  [Benchmark] method 'EnKF-OBS-Woodbury' FAILED (ValueError: Input X contains NaN.
Ridge does not accept missing values encoded as NaN natively. For supervised learning, you might want to consider sklearn.ensemble.HistGradientBoostingClassifier and Regressor which accept missing values encoded as NaNs natively. Alternatively, it is possible to preprocess the data, for instance by using an imputer transformer in a pipeline or drop samples with missing values. See https://scikit-learn.org/stable/modules/impute.html You can find a list of all estimators that handle NaN values at the following page: https://scikit-learn.org/stable/modules/impute.html#estimators-that-handle-nan-values); recording NaN and continuing.
  [Benchmark] method 'EnKF-OBS-Woodbury' FAILED (ValueError: Input X contains NaN.
Ridge does not accept missing values encoded as NaN natively. For supervised learning, you might want to consider sklearn.ensemble.HistGradientBoostingClassifier and Regressor which accept missing values encoded as NaNs natively. Alternatively, it is possible to preprocess the data, for instance by using an imputer transformer in a pipeline or drop samples with missing values. See https://scikit-learn.org/stable/modules/impute.html You can find a list of all estimators that handle NaN values at the following page: https://scikit-learn.org/stable/modules/impute.html#estimators-that-handle-nan-values); recording NaN and continuing.
  [Benchmark] method 'LETKF' FAILED (LinAlgError: SVD did not converge); recording NaN and continuing.
  [Benchmark] method 'LETKF' FAILED (LinAlgError: SVD did not converge); recording NaN and continuing.
  [Benchmark] method 'EnKF-OBS-Woodbury' FAILED (ValueError: Input X contains NaN.
Ridge does not accept missing values encoded as NaN natively. For supervised learning, you might want to consider sklearn.ensemble.HistGradientBoostingClassifier and Regressor which accept missing values encoded as NaNs natively. Alternatively, it is possible to preprocess the data, for instance by using an imputer transformer in a pipeline or drop samples with missing values. See https://scikit-learn.org/stable/modules/impute.html You can find a list of all estimators that handle NaN values at the following page: https://scikit-learn.org/stable/modules/impute.html#estimators-that-handle-nan-values); recording NaN and continuing.
  [Benchmark] method 'LETKF' FAILED (LinAlgError: SVD did not converge); recording NaN and continuing.
  [Benchmark] method 'EnKF-OBS-Woodbury' FAILED (ValueError: Input X contains NaN.
Ridge does not accept missing values encoded as NaN natively. For supervised learning, you might want to consider sklearn.ensemble.HistGradientBoostingClassifier and Regressor which accept missing values encoded as NaNs natively. Alternatively, it is possible to preprocess the data, for instance by using an imputer transformer in a pipeline or drop samples with missing values. See https://scikit-learn.org/stable/modules/impute.html You can find a list of all estimators that handle NaN values at the following page: https://scikit-learn.org/stable/modules/impute.html#estimators-that-handle-nan-values); recording NaN and continuing.
  [Benchmark] method 'LETKF' FAILED (LinAlgError: SVD did not converge); recording NaN and continuing.
       done — best: LETKF (mean_rmse_a=0.0215)
  [16/45] cell N40_r1_s1 (N=40, radius=1, spacing=1, 10 scenarios) ...
       done — best: EnKF-OBS-Woodbury (mean_rmse_a=0.0013)
  [17/45] cell N40_r2_s1 (N=40, radius=2, spacing=1, 10 scenarios) ...
       done — best: EnKF-OBS-Woodbury (mean_rmse_a=0.0011)
  [18/45] cell N40_r3_s1 (N=40, radius=3, spacing=1, 10 scenarios) ...
       done — best: EnKF-OBS-Woodbury (mean_rmse_a=0.0011)
  [19/45] cell N40_r4_s1 (N=40, radius=4, spacing=1, 10 scenarios) ...
       done — best: EnKF-OBS-Woodbury (mean_rmse_a=0.0010)
  [20/45] cell N40_r5_s1 (N=40, radius=5, spacing=1, 10 scenarios) ...
       done — best: EnKF-OBS-Woodbury (mean_rmse_a=0.0010)
  [21/45] cell N40_r1_s2 (N=40, radius=1, spacing=2, 10 scenarios) ...
       done — best: EnKF-OBS-Woodbury (mean_rmse_a=0.0128)
  [22/45] cell N40_r2_s2 (N=40, radius=2, spacing=2, 10 scenarios) ...
       done — best: EnKF-OBS-Woodbury (mean_rmse_a=0.0122)
  [23/45] cell N40_r3_s2 (N=40, radius=3, spacing=2, 10 scenarios) ...
       done — best: EnKF-OBS-Woodbury (mean_rmse_a=0.0115)
  [24/45] cell N40_r4_s2 (N=40, radius=4, spacing=2, 10 scenarios) ...
  [Benchmark] method 'EnKF-OBS-Woodbury' FAILED (ValueError: Input X contains NaN.
Ridge does not accept missing values encoded as NaN natively. For supervised learning, you might want to consider sklearn.ensemble.HistGradientBoostingClassifier and Regressor which accept missing values encoded as NaNs natively. Alternatively, it is possible to preprocess the data, for instance by using an imputer transformer in a pipeline or drop samples with missing values. See https://scikit-learn.org/stable/modules/impute.html You can find a list of all estimators that handle NaN values at the following page: https://scikit-learn.org/stable/modules/impute.html#estimators-that-handle-nan-values); recording NaN and continuing.
       done — best: EnKF-OBS-Woodbury (mean_rmse_a=0.0118)
  [25/45] cell N40_r5_s2 (N=40, radius=5, spacing=2, 10 scenarios) ...
  [Benchmark] method 'EnKF-OBS-Woodbury' FAILED (ValueError: Input X contains NaN.
Ridge does not accept missing values encoded as NaN natively. For supervised learning, you might want to consider sklearn.ensemble.HistGradientBoostingClassifier and Regressor which accept missing values encoded as NaNs natively. Alternatively, it is possible to preprocess the data, for instance by using an imputer transformer in a pipeline or drop samples with missing values. See https://scikit-learn.org/stable/modules/impute.html You can find a list of all estimators that handle NaN values at the following page: https://scikit-learn.org/stable/modules/impute.html#estimators-that-handle-nan-values); recording NaN and continuing.
       done — best: EnKF-OBS-Woodbury (mean_rmse_a=0.0129)
  [26/45] cell N40_r1_s3 (N=40, radius=1, spacing=3, 10 scenarios) ...
       done — best: EnKF-OBS-Woodbury (mean_rmse_a=0.0565)
  [27/45] cell N40_r2_s3 (N=40, radius=2, spacing=3, 10 scenarios) ...
       done — best: EnKF-OBS-Woodbury (mean_rmse_a=0.0328)
  [28/45] cell N40_r3_s3 (N=40, radius=3, spacing=3, 10 scenarios) ...
       done — best: LETKF (mean_rmse_a=0.0638)
  [29/45] cell N40_r4_s3 (N=40, radius=4, spacing=3, 10 scenarios) ...
       done — best: LEnKF (mean_rmse_a=0.0322)
  [30/45] cell N40_r5_s3 (N=40, radius=5, spacing=3, 10 scenarios) ...
  [Benchmark] method 'EnKF-OBS-Woodbury' FAILED (ValueError: Input X contains NaN.
Ridge does not accept missing values encoded as NaN natively. For supervised learning, you might want to consider sklearn.ensemble.HistGradientBoostingClassifier and Regressor which accept missing values encoded as NaNs natively. Alternatively, it is possible to preprocess the data, for instance by using an imputer transformer in a pipeline or drop samples with missing values. See https://scikit-learn.org/stable/modules/impute.html You can find a list of all estimators that handle NaN values at the following page: https://scikit-learn.org/stable/modules/impute.html#estimators-that-handle-nan-values); recording NaN and continuing.
       done — best: EnKF-OBS-Woodbury (mean_rmse_a=1.2432)
  [31/45] cell N80_r1_s1 (N=80, radius=1, spacing=1, 10 scenarios) ...
       done — best: EnKF-OBS-Woodbury (mean_rmse_a=0.0012)
  [32/45] cell N80_r2_s1 (N=80, radius=2, spacing=1, 10 scenarios) ...
       done — best: EnKF-OBS-Woodbury (mean_rmse_a=0.0011)
  [33/45] cell N80_r3_s1 (N=80, radius=3, spacing=1, 10 scenarios) ...
       done — best: EnKF-OBS-Woodbury (mean_rmse_a=0.0010)
  [34/45] cell N80_r4_s1 (N=80, radius=4, spacing=1, 10 scenarios) ...
       done — best: EnKF-OBS-Woodbury (mean_rmse_a=0.0010)
  [35/45] cell N80_r5_s1 (N=80, radius=5, spacing=1, 10 scenarios) ...
       done — best: EnKF-OBS-Woodbury (mean_rmse_a=0.0009)
  [36/45] cell N80_r1_s2 (N=80, radius=1, spacing=2, 10 scenarios) ...
       done — best: LEnKF (mean_rmse_a=0.0123)
  [37/45] cell N80_r2_s2 (N=80, radius=2, spacing=2, 10 scenarios) ...
       done — best: EnKF-OBS-Woodbury (mean_rmse_a=0.0110)
  [38/45] cell N80_r3_s2 (N=80, radius=3, spacing=2, 10 scenarios) ...
       done — best: EnKF-OBS-Woodbury (mean_rmse_a=0.0108)
  [39/45] cell N80_r4_s2 (N=80, radius=4, spacing=2, 10 scenarios) ...
       done — best: EnKF-OBS-Woodbury (mean_rmse_a=0.0110)
  [40/45] cell N80_r5_s2 (N=80, radius=5, spacing=2, 10 scenarios) ...
       done — best: EnKF-OBS-Woodbury (mean_rmse_a=0.0114)
  [41/45] cell N80_r1_s3 (N=80, radius=1, spacing=3, 10 scenarios) ...
       done — best: EnKF-OBS-Woodbury (mean_rmse_a=0.0544)
  [42/45] cell N80_r2_s3 (N=80, radius=2, spacing=3, 10 scenarios) ...
       done — best: EnKF-OBS-Woodbury (mean_rmse_a=0.0263)
  [43/45] cell N80_r3_s3 (N=80, radius=3, spacing=3, 10 scenarios) ...
       done — best: EnKF-OBS-Woodbury (mean_rmse_a=0.0264)
  [44/45] cell N80_r4_s3 (N=80, radius=4, spacing=3, 10 scenarios) ...
       done — best: LETKF (mean_rmse_a=0.0345)
  [45/45] cell N80_r5_s3 (N=80, radius=5, spacing=3, 10 scenarios) ...
       done — best: LEnKF (mean_rmse_a=0.0390)

========================================================================
 SWEEP complete.
   master_summary.csv      (aggregated per method per cell)
   master_percell.csv      (per scenario × method × run)
   master_error_curves.csv (long-format curves)
   results/r*_s*/          (per-cell CSVs + snapshots.npz)
   all under: /mnt/data/pyteda/sweep_lorenz96_obswoodbury_NrS_20260526_025703
========================================================================
